| main.go:27:21:27:56 | "SELECT * FROM users WHERE name = '" |
| main.go:27:21:27:64 | ...+... |
| main.go:31:22:31:80 | call to Sprintf |
