| cmdi.py:7:17:7:17 | ControlFlowNode for i | Usage of command line |
| cmdi.py:9:17:9:17 | ControlFlowNode for i | Usage of command line |
| cmdi.py:11:17:11:30 | ControlFlowNode for Fstring | Usage of command line |
