| default_password.py:12:16:12:82 | Attribute() | Default value in security-sensitive database 'db' $@ assigned to variable 'password' | default_password.py:12:16:12:82 | Attribute() | column |
