| weakcrypto.ts:7:12:7:48 | crypto. ... e(data) | weak hashing algorithms |
| weakcrypto.ts:8:12:8:49 | crypto. ... e(data) | weak hashing algorithms |
| weakcrypto.ts:14:1:14:21 | hashsha ... e(data) | weak hashing algorithms |
