edges
| massassignment.py:16:19:16:21 | ControlFlowNode for key | massassignment.py:18:26:18:28 | ControlFlowNode for key |
| massassignment.py:30:10:30:20 | ControlFlowNode for Attribute | massassignment.py:16:19:16:21 | ControlFlowNode for key |
nodes
| massassignment.py:16:19:16:21 | ControlFlowNode for key | semmle.label | ControlFlowNode for key |
| massassignment.py:18:26:18:28 | ControlFlowNode for key | semmle.label | ControlFlowNode for key |
| massassignment.py:24:15:24:25 | ControlFlowNode for Attribute | semmle.label | ControlFlowNode for Attribute |
| massassignment.py:27:18:27:28 | ControlFlowNode for Attribute | semmle.label | ControlFlowNode for Attribute |
| massassignment.py:30:10:30:20 | ControlFlowNode for Attribute | semmle.label | ControlFlowNode for Attribute |
subpaths
#select
| massassignment.py:18:26:18:28 | ControlFlowNode for key | massassignment.py:30:10:30:20 | ControlFlowNode for Attribute | massassignment.py:18:26:18:28 | ControlFlowNode for key | Use of $@. | massassignment.py:30:10:30:20 | ControlFlowNode for Attribute | mass assignment |
| massassignment.py:24:15:24:25 | ControlFlowNode for Attribute | massassignment.py:24:15:24:25 | ControlFlowNode for Attribute | massassignment.py:24:15:24:25 | ControlFlowNode for Attribute | Use of $@. | massassignment.py:24:15:24:25 | ControlFlowNode for Attribute | mass assignment |
| massassignment.py:27:18:27:28 | ControlFlowNode for Attribute | massassignment.py:27:18:27:28 | ControlFlowNode for Attribute | massassignment.py:27:18:27:28 | ControlFlowNode for Attribute | Use of $@. | massassignment.py:27:18:27:28 | ControlFlowNode for Attribute | mass assignment |
